[    3750ms] [ERROR] Failed to load resource: the server responded with a status of 404 (NOT FOUND) @ http://localhost:8357/favicon.ico:0
[ 6389068ms] [ERROR] Failed to load resource: net::ERR_CONNECTION_REFUSED @ http://localhost:8357/socket.io/?EIO=4&transport=polling&t=PpHz7k3:0
[ 6391457ms] [ERROR] Failed to load resource: net::ERR_CONNECTION_REFUSED @ http://localhost:8357/socket.io/?EIO=4&transport=polling&t=PpHz8Lb:0
[ 6393821ms] [ERROR] Failed to load resource: net::ERR_CONNECTION_REFUSED @ http://localhost:8357/socket.io/?EIO=4&transport=polling&t=PpHz8wZ:0
[ 6398827ms] [ERROR] Failed to load resource: net::ERR_CONNECTION_REFUSED @ http://localhost:8357/socket.io/?EIO=4&transport=polling&t=PpHzA8l:0
[ 6403833ms] [ERROR] Failed to load resource: net::ERR_CONNECTION_REFUSED @ http://localhost:8357/socket.io/?EIO=4&transport=polling&t=PpHzBMx:0
[ 6443342ms] [ERROR] Failed to load resource: net::ERR_CONNECTION_REFUSED @ http://localhost:8357/socket.io/?EIO=4&transport=polling&t=PpHzL0H:0
[ 6445874ms] [ERROR] Failed to load resource: net::ERR_CONNECTION_REFUSED @ http://localhost:8357/socket.io/?EIO=4&transport=polling&t=PpHzLdt:0
[ 6449730ms] [ERROR] Failed to load resource: net::ERR_CONNECTION_REFUSED @ http://localhost:8357/socket.io/?EIO=4&transport=polling&t=PpHzMa7:0
[ 6454734ms] [ERROR] Failed to load resource: net::ERR_CONNECTION_REFUSED @ http://localhost:8357/socket.io/?EIO=4&transport=polling&t=PpHzNoI:0
[ 6459740ms] [ERROR] Failed to load resource: net::ERR_CONNECTION_REFUSED @ http://localhost:8357/socket.io/?EIO=4&transport=polling&t=PpHzP0V:0
[ 6464749ms] [ERROR] Failed to load resource: net::ERR_CONNECTION_REFUSED @ http://localhost:8357/socket.io/?EIO=4&transport=polling&t=PpHzQEj:0
[ 6469752ms] [ERROR] Failed to load resource: net::ERR_CONNECTION_REFUSED @ http://localhost:8357/socket.io/?EIO=4&transport=polling&t=PpHzRSy:0
[ 6474756ms] [ERROR] Failed to load resource: net::ERR_CONNECTION_REFUSED @ http://localhost:8357/socket.io/?EIO=4&transport=polling&t=PpHzSh9:0
[ 6479761ms] [ERROR] Failed to load resource: net::ERR_CONNECTION_REFUSED @ http://localhost:8357/socket.io/?EIO=4&transport=polling&t=PpHzTvL:0
[ 6484768ms] [ERROR] Failed to load resource: net::ERR_CONNECTION_REFUSED @ http://localhost:8357/socket.io/?EIO=4&transport=polling&t=PpHzV7a:0
[ 6489773ms] [ERROR] Failed to load resource: net::ERR_CONNECTION_REFUSED @ http://localhost:8357/socket.io/?EIO=4&transport=polling&t=PpHzWLn:0
[ 6494777ms] [ERROR] Failed to load resource: net::ERR_CONNECTION_REFUSED @ http://localhost:8357/socket.io/?EIO=4&transport=polling&t=PpHzXZz:0
[ 6499784ms] [ERROR] Failed to load resource: net::ERR_CONNECTION_REFUSED @ http://localhost:8357/socket.io/?EIO=4&transport=polling&t=PpHzYoA:0
[ 6504789ms] [ERROR] Failed to load resource: net::ERR_CONNECTION_REFUSED @ http://localhost:8357/socket.io/?EIO=4&transport=polling&t=PpHza0P:0
[ 6509793ms] [ERROR] Failed to load resource: net::ERR_CONNECTION_REFUSED @ http://localhost:8357/socket.io/?EIO=4&transport=polling&t=PpHzbEc:0
[ 6695415ms] [ERROR] Failed to load resource: net::ERR_CONNECTION_REFUSED @ http://localhost:8357/socket.io/?EIO=4&transport=polling&t=PpH-IYw:0
[ 6696934ms] [ERROR] Failed to load resource: net::ERR_CONNECTION_REFUSED @ http://localhost:8357/socket.io/?EIO=4&transport=polling&t=PpH-Iwh:0
[ 6699569ms] [ERROR] Failed to load resource: net::ERR_CONNECTION_REFUSED @ http://localhost:8357/socket.io/?EIO=4&transport=polling&t=PpH-JZs:0
[ 6704575ms] [ERROR] Failed to load resource: net::ERR_CONNECTION_REFUSED @ http://localhost:8357/socket.io/?EIO=4&transport=polling&t=PpH-Ko1:0
[ 6709580ms] [ERROR] Failed to load resource: net::ERR_CONNECTION_REFUSED @ http://localhost:8357/socket.io/?EIO=4&transport=polling&t=PpH-M0F:0
[ 6714583ms] [ERROR] Failed to load resource: net::ERR_CONNECTION_REFUSED @ http://localhost:8357/socket.io/?EIO=4&transport=polling&t=PpH-NER:0
[ 6719587ms] [ERROR] Failed to load resource: net::ERR_CONNECTION_REFUSED @ http://localhost:8357/socket.io/?EIO=4&transport=polling&t=PpH-OSd:0
[ 6724591ms] [ERROR] Failed to load resource: net::ERR_CONNECTION_REFUSED @ http://localhost:8357/socket.io/?EIO=4&transport=polling&t=PpH-Pgp:0
[ 6729594ms] [ERROR] Failed to load resource: net::ERR_CONNECTION_REFUSED @ http://localhost:8357/socket.io/?EIO=4&transport=polling&t=PpH-Qu_:0
[ 6734603ms] [ERROR] Failed to load resource: net::ERR_CONNECTION_REFUSED @ http://localhost:8357/socket.io/?EIO=4&transport=polling&t=PpH-S7E:0
[ 6739608ms] [ERROR] Failed to load resource: net::ERR_CONNECTION_REFUSED @ http://localhost:8357/socket.io/?EIO=4&transport=polling&t=PpH-TLR:0
[ 6744616ms] [ERROR] Failed to load resource: net::ERR_CONNECTION_REFUSED @ http://localhost:8357/socket.io/?EIO=4&transport=polling&t=PpH-UZe:0
[ 6749621ms] [ERROR] Failed to load resource: net::ERR_CONNECTION_REFUSED @ http://localhost:8357/socket.io/?EIO=4&transport=polling&t=PpH-Vnv:0
[ 6754625ms] [ERROR] Failed to load resource: net::ERR_CONNECTION_REFUSED @ http://localhost:8357/socket.io/?EIO=4&transport=polling&t=PpH-X05:0
[ 6759628ms] [ERROR] Failed to load resource: net::ERR_CONNECTION_REFUSED @ http://localhost:8357/socket.io/?EIO=4&transport=polling&t=PpH-YEI:0
[ 6764636ms] [ERROR] Failed to load resource: net::ERR_CONNECTION_REFUSED @ http://localhost:8357/socket.io/?EIO=4&transport=polling&t=PpH-ZSW:0
[ 6769641ms] [ERROR] Failed to load resource: net::ERR_CONNECTION_REFUSED @ http://localhost:8357/socket.io/?EIO=4&transport=polling&t=PpH-agi:0
[ 6774643ms] [ERROR] Failed to load resource: net::ERR_CONNECTION_REFUSED @ http://localhost:8357/socket.io/?EIO=4&transport=polling&t=PpH-buu:0
[ 6779647ms] [ERROR] Failed to load resource: net::ERR_CONNECTION_REFUSED @ http://localhost:8357/socket.io/?EIO=4&transport=polling&t=PpH-d73:0
[ 6784650ms] [ERROR] Failed to load resource: net::ERR_CONNECTION_REFUSED @ http://localhost:8357/socket.io/?EIO=4&transport=polling&t=PpH-eLE:0
[ 6789653ms] [ERROR] Failed to load resource: net::ERR_CONNECTION_REFUSED @ http://localhost:8357/socket.io/?EIO=4&transport=polling&t=PpH-fZQ:0
[ 6794657ms] [ERROR] Failed to load resource: net::ERR_CONNECTION_REFUSED @ http://localhost:8357/socket.io/?EIO=4&transport=polling&t=PpH-gnb:0
[ 6799662ms] [ERROR] Failed to load resource: net::ERR_CONNECTION_REFUSED @ http://localhost:8357/socket.io/?EIO=4&transport=polling&t=PpH-h_o:0
[ 6804667ms] [ERROR] Failed to load resource: net::ERR_CONNECTION_REFUSED @ http://localhost:8357/socket.io/?EIO=4&transport=polling&t=PpH-jD_:0
[ 6809670ms] [ERROR] Failed to load resource: net::ERR_CONNECTION_REFUSED @ http://localhost:8357/socket.io/?EIO=4&transport=polling&t=PpH-kSB:0
[ 6814673ms] [ERROR] Failed to load resource: net::ERR_CONNECTION_REFUSED @ http://localhost:8357/socket.io/?EIO=4&transport=polling&t=PpH-lgM:0
[ 6819682ms] [ERROR] Failed to load resource: net::ERR_CONNECTION_REFUSED @ http://localhost:8357/socket.io/?EIO=4&transport=polling&t=PpH-muY:0
[ 6824686ms] [ERROR] Failed to load resource: net::ERR_CONNECTION_REFUSED @ http://localhost:8357/socket.io/?EIO=4&transport=polling&t=PpH-o6p:0
[ 6829690ms] [ERROR] Failed to load resource: net::ERR_CONNECTION_REFUSED @ http://localhost:8357/socket.io/?EIO=4&transport=polling&t=PpH-pK-:0
[ 6834694ms] [ERROR] Failed to load resource: net::ERR_CONNECTION_REFUSED @ http://localhost:8357/socket.io/?EIO=4&transport=polling&t=PpH-qZA:0
[ 6839697ms] [ERROR] Failed to load resource: net::ERR_CONNECTION_REFUSED @ http://localhost:8357/socket.io/?EIO=4&transport=polling&t=PpH-rnL:0
[ 6844701ms] [ERROR] Failed to load resource: net::ERR_CONNECTION_REFUSED @ http://localhost:8357/socket.io/?EIO=4&transport=polling&t=PpH-s_X:0
[ 6849706ms] [ERROR] Failed to load resource: net::ERR_CONNECTION_REFUSED @ http://localhost:8357/socket.io/?EIO=4&transport=polling&t=PpH-uDj:0
[ 6854709ms] [ERROR] Failed to load resource: net::ERR_CONNECTION_REFUSED @ http://localhost:8357/socket.io/?EIO=4&transport=polling&t=PpH-vRw:0
[ 6859713ms] [ERROR] Failed to load resource: net::ERR_CONNECTION_REFUSED @ http://localhost:8357/socket.io/?EIO=4&transport=polling&t=PpH-wg6:0
[ 6864717ms] [ERROR] Failed to load resource: net::ERR_CONNECTION_REFUSED @ http://localhost:8357/socket.io/?EIO=4&transport=polling&t=PpH-xuH:0
[ 6869719ms] [ERROR] Failed to load resource: net::ERR_CONNECTION_REFUSED @ http://localhost:8357/socket.io/?EIO=4&transport=polling&t=PpH-z6S:0
[ 6874722ms] [ERROR] Failed to load resource: net::ERR_CONNECTION_REFUSED @ http://localhost:8357/socket.io/?EIO=4&transport=polling&t=PpH--Kd:0
[ 6879725ms] [ERROR] Failed to load resource: net::ERR_CONNECTION_REFUSED @ http://localhost:8357/socket.io/?EIO=4&transport=polling&t=PpH-_Yp:0
[ 6884728ms] [ERROR] Failed to load resource: net::ERR_CONNECTION_REFUSED @ http://localhost:8357/socket.io/?EIO=4&transport=polling&t=PpH_0mz:0
[ 6889732ms] [ERROR] Failed to load resource: net::ERR_CONNECTION_REFUSED @ http://localhost:8357/socket.io/?EIO=4&transport=polling&t=PpH_1_9:0
[ 6894735ms] [ERROR] Failed to load resource: net::ERR_CONNECTION_REFUSED @ http://localhost:8357/socket.io/?EIO=4&transport=polling&t=PpH_3DK:0
[ 6899739ms] [ERROR] Failed to load resource: net::ERR_CONNECTION_REFUSED @ http://localhost:8357/socket.io/?EIO=4&transport=polling&t=PpH_4RV:0
[ 6904746ms] [ERROR] Failed to load resource: net::ERR_CONNECTION_REFUSED @ http://localhost:8357/socket.io/?EIO=4&transport=polling&t=PpH_5fi:0
[ 6909750ms] [ERROR] Failed to load resource: net::ERR_CONNECTION_REFUSED @ http://localhost:8357/socket.io/?EIO=4&transport=polling&t=PpH_6tw:0
[ 6914752ms] [ERROR] Failed to load resource: net::ERR_CONNECTION_REFUSED @ http://localhost:8357/socket.io/?EIO=4&transport=polling&t=PpH_866:0
[ 6919757ms] [ERROR] Failed to load resource: net::ERR_CONNECTION_REFUSED @ http://localhost:8357/socket.io/?EIO=4&transport=polling&t=PpH_9KI:0
[ 6924760ms] [ERROR] Failed to load resource: net::ERR_CONNECTION_REFUSED @ http://localhost:8357/socket.io/?EIO=4&transport=polling&t=PpH_AYT:0
[ 6929763ms] [ERROR] Failed to load resource: net::ERR_CONNECTION_REFUSED @ http://localhost:8357/socket.io/?EIO=4&transport=polling&t=PpH_Bme:0
[ 6934765ms] [ERROR] Failed to load resource: net::ERR_CONNECTION_REFUSED @ http://localhost:8357/socket.io/?EIO=4&transport=polling&t=PpH_C-o:0
[ 6939767ms] [ERROR] Failed to load resource: net::ERR_CONNECTION_REFUSED @ http://localhost:8357/socket.io/?EIO=4&transport=polling&t=PpH_ECy:0
[ 6944770ms] [ERROR] Failed to load resource: net::ERR_CONNECTION_REFUSED @ http://localhost:8357/socket.io/?EIO=4&transport=polling&t=PpH_FR7:0
[ 6949780ms] [ERROR] Failed to load resource: net::ERR_CONNECTION_REFUSED @ http://localhost:8357/socket.io/?EIO=4&transport=polling&t=PpH_GfJ:0
[ 6954782ms] [ERROR] Failed to load resource: net::ERR_CONNECTION_REFUSED @ http://localhost:8357/socket.io/?EIO=4&transport=polling&t=PpH_HtZ:0
[ 6959791ms] [ERROR] Failed to load resource: net::ERR_CONNECTION_REFUSED @ http://localhost:8357/socket.io/?EIO=4&transport=polling&t=PpH_J5k:0
[ 6964797ms] [ERROR] Failed to load resource: net::ERR_CONNECTION_REFUSED @ http://localhost:8357/socket.io/?EIO=4&transport=polling&t=PpH_KK0:0
[ 6969801ms] [ERROR] Failed to load resource: net::ERR_CONNECTION_REFUSED @ http://localhost:8357/socket.io/?EIO=4&transport=polling&t=PpH_LYD:0
[ 6974804ms] [ERROR] Failed to load resource: net::ERR_CONNECTION_REFUSED @ http://localhost:8357/socket.io/?EIO=4&transport=polling&t=PpH_MmP:0
[ 6979809ms] [ERROR] Failed to load resource: net::ERR_CONNECTION_REFUSED @ http://localhost:8357/socket.io/?EIO=4&transport=polling&t=PpH_N-a:0
[ 6984814ms] [ERROR] Failed to load resource: net::ERR_CONNECTION_REFUSED @ http://localhost:8357/socket.io/?EIO=4&transport=polling&t=PpH_PCn:0
[ 6989819ms] [ERROR] Failed to load resource: net::ERR_CONNECTION_REFUSED @ http://localhost:8357/socket.io/?EIO=4&transport=polling&t=PpH_QQz:0
[ 6994822ms] [ERROR] Failed to load resource: net::ERR_CONNECTION_REFUSED @ http://localhost:8357/socket.io/?EIO=4&transport=polling&t=PpH_RfB:0
[ 6999827ms] [ERROR] Failed to load resource: net::ERR_CONNECTION_REFUSED @ http://localhost:8357/socket.io/?EIO=4&transport=polling&t=PpH_StN:0
[ 7004834ms] [ERROR] Failed to load resource: net::ERR_CONNECTION_REFUSED @ http://localhost:8357/socket.io/?EIO=4&transport=polling&t=PpH_U5Z:0
[ 7009839ms] [ERROR] Failed to load resource: net::ERR_CONNECTION_REFUSED @ http://localhost:8357/socket.io/?EIO=4&transport=polling&t=PpH_VJp:0
[ 7014842ms] [ERROR] Failed to load resource: net::ERR_CONNECTION_REFUSED @ http://localhost:8357/socket.io/?EIO=4&transport=polling&t=PpH_WX_:0
[ 7019849ms] [ERROR] Failed to load resource: net::ERR_CONNECTION_REFUSED @ http://localhost:8357/socket.io/?EIO=4&transport=polling&t=PpH_XmC:0
[ 7024856ms] [ERROR] Failed to load resource: net::ERR_CONNECTION_REFUSED @ http://localhost:8357/socket.io/?EIO=4&transport=polling&t=PpH_Y-P:0
[ 7029860ms] [ERROR] Failed to load resource: net::ERR_CONNECTION_REFUSED @ http://localhost:8357/socket.io/?EIO=4&transport=polling&t=PpH_aCf:0
[ 7034870ms] [ERROR] Failed to load resource: net::ERR_CONNECTION_REFUSED @ http://localhost:8357/socket.io/?EIO=4&transport=polling&t=PpH_bQr:0
[ 7039874ms] [ERROR] Failed to load resource: net::ERR_CONNECTION_REFUSED @ http://localhost:8357/socket.io/?EIO=4&transport=polling&t=PpH_cf7:0
[ 7044878ms] [ERROR] Failed to load resource: net::ERR_CONNECTION_REFUSED @ http://localhost:8357/socket.io/?EIO=4&transport=polling&t=PpH_dtI:0
[ 7049883ms] [ERROR] Failed to load resource: net::ERR_CONNECTION_REFUSED @ http://localhost:8357/socket.io/?EIO=4&transport=polling&t=PpH_f5V:0
[ 7054887ms] [ERROR] Failed to load resource: net::ERR_CONNECTION_REFUSED @ http://localhost:8357/socket.io/?EIO=4&transport=polling&t=PpH_gJg:0
[ 7059891ms] [ERROR] Failed to load resource: net::ERR_CONNECTION_REFUSED @ http://localhost:8357/socket.io/?EIO=4&transport=polling&t=PpH_hXt:0
[ 7064900ms] [ERROR] Failed to load resource: net::ERR_CONNECTION_REFUSED @ http://localhost:8357/socket.io/?EIO=4&transport=polling&t=PpH_im4:0
[ 7069904ms] [ERROR] Failed to load resource: net::ERR_CONNECTION_REFUSED @ http://localhost:8357/socket.io/?EIO=4&transport=polling&t=PpH_j-J:0
[ 7074916ms] [ERROR] Failed to load resource: net::ERR_CONNECTION_REFUSED @ http://localhost:8357/socket.io/?EIO=4&transport=polling&t=PpH_lCX:0
[ 7079920ms] [ERROR] Failed to load resource: net::ERR_CONNECTION_REFUSED @ http://localhost:8357/socket.io/?EIO=4&transport=polling&t=PpH_mQq:0
[ 7084923ms] [ERROR] Failed to load resource: net::ERR_CONNECTION_REFUSED @ http://localhost:8357/socket.io/?EIO=4&transport=polling&t=PpH_nf0:0
[ 7453405ms] [ERROR] Failed to load resource: net::ERR_CONNECTION_REFUSED @ http://localhost:8357/socket.io/?EIO=4&transport=polling&t=PpI1BcT:0
[ 7820199ms] [ERROR] Failed to load resource: net::ERR_CONNECTION_REFUSED @ http://localhost:8357/socket.io/?EIO=4&transport=polling&t=PpI2b9Q:0
[ 7821555ms] [ERROR] Failed to load resource: net::ERR_CONNECTION_REFUSED @ http://localhost:8357/socket.io/?EIO=4&transport=polling&t=PpI2bUt:0
[ 7823867ms] [ERROR] Failed to load resource: net::ERR_CONNECTION_REFUSED @ http://localhost:8357/socket.io/?EIO=4&transport=polling&t=PpI2c30:0
[ 7828875ms] [ERROR] Failed to load resource: net::ERR_CONNECTION_REFUSED @ http://localhost:8357/socket.io/?EIO=4&transport=polling&t=PpI2dHB:0
[ 7833877ms] [ERROR] Failed to load resource: net::ERR_CONNECTION_REFUSED @ http://localhost:8357/socket.io/?EIO=4&transport=polling&t=PpI2eVR:0
[ 7838884ms] [ERROR] Failed to load resource: net::ERR_CONNECTION_REFUSED @ http://localhost:8357/socket.io/?EIO=4&transport=polling&t=PpI2fjc:0
[ 7843890ms] [ERROR] Failed to load resource: net::ERR_CONNECTION_REFUSED @ http://localhost:8357/socket.io/?EIO=4&transport=polling&t=PpI2gxs:0
[ 7848892ms] [ERROR] Failed to load resource: net::ERR_CONNECTION_REFUSED @ http://localhost:8357/socket.io/?EIO=4&transport=polling&t=PpI2iA2:0
[ 7853902ms] [ERROR] Failed to load resource: net::ERR_CONNECTION_REFUSED @ http://localhost:8357/socket.io/?EIO=4&transport=polling&t=PpI2jOD:0
[ 7858906ms] [ERROR] Failed to load resource: net::ERR_CONNECTION_REFUSED @ http://localhost:8357/socket.io/?EIO=4&transport=polling&t=PpI2kcU:0
[ 7863911ms] [ERROR] Failed to load resource: net::ERR_CONNECTION_REFUSED @ http://localhost:8357/socket.io/?EIO=4&transport=polling&t=PpI2lqg:0
[ 7868914ms] [ERROR] Failed to load resource: net::ERR_CONNECTION_REFUSED @ http://localhost:8357/socket.io/?EIO=4&transport=polling&t=PpI2n2t:0
[ 7873917ms] [ERROR] Failed to load resource: net::ERR_CONNECTION_REFUSED @ http://localhost:8357/socket.io/?EIO=4&transport=polling&t=PpI2oH2:0
[ 7878921ms] [ERROR] Failed to load resource: net::ERR_CONNECTION_REFUSED @ http://localhost:8357/socket.io/?EIO=4&transport=polling&t=PpI2pVD:0
[ 7883926ms] [ERROR] Failed to load resource: net::ERR_CONNECTION_REFUSED @ http://localhost:8357/socket.io/?EIO=4&transport=polling&t=PpI2qjP:0
[ 7888931ms] [ERROR] Failed to load resource: net::ERR_CONNECTION_REFUSED @ http://localhost:8357/socket.io/?EIO=4&transport=polling&t=PpI2rxd:0
[ 7893935ms] [ERROR] Failed to load resource: net::ERR_CONNECTION_REFUSED @ http://localhost:8357/socket.io/?EIO=4&transport=polling&t=PpI2t9p:0
[ 7898938ms] [ERROR] Failed to load resource: net::ERR_CONNECTION_REFUSED @ http://localhost:8357/socket.io/?EIO=4&transport=polling&t=PpI2uN_:0
[ 7903941ms] [ERROR] Failed to load resource: net::ERR_CONNECTION_REFUSED @ http://localhost:8357/socket.io/?EIO=4&transport=polling&t=PpI2vcB:0
[ 7908946ms] [ERROR] Failed to load resource: net::ERR_CONNECTION_REFUSED @ http://localhost:8357/socket.io/?EIO=4&transport=polling&t=PpI2wqM:0
[ 7913950ms] [ERROR] Failed to load resource: net::ERR_CONNECTION_REFUSED @ http://localhost:8357/socket.io/?EIO=4&transport=polling&t=PpI2y2X:0
[ 7918953ms] [ERROR] Failed to load resource: net::ERR_CONNECTION_REFUSED @ http://localhost:8357/socket.io/?EIO=4&transport=polling&t=PpI2zGk:0
[ 7923961ms] [ERROR] Failed to load resource: net::ERR_CONNECTION_REFUSED @ http://localhost:8357/socket.io/?EIO=4&transport=polling&t=PpI2-Uv:0
[ 7928967ms] [ERROR] Failed to load resource: net::ERR_CONNECTION_REFUSED @ http://localhost:8357/socket.io/?EIO=4&transport=polling&t=PpI2_jB:0
[ 7933971ms] [ERROR] Failed to load resource: net::ERR_CONNECTION_REFUSED @ http://localhost:8357/socket.io/?EIO=4&transport=polling&t=PpI30xN:0
[ 7938975ms] [ERROR] Failed to load resource: net::ERR_CONNECTION_REFUSED @ http://localhost:8357/socket.io/?EIO=4&transport=polling&t=PpI329Z:0
[ 7943980ms] [ERROR] Failed to load resource: net::ERR_CONNECTION_REFUSED @ http://localhost:8357/socket.io/?EIO=4&transport=polling&t=PpI33Nm:0
[ 7948983ms] [ERROR] Failed to load resource: net::ERR_CONNECTION_REFUSED @ http://localhost:8357/socket.io/?EIO=4&transport=polling&t=PpI34by:0
[ 7953986ms] [ERROR] Failed to load resource: net::ERR_CONNECTION_REFUSED @ http://localhost:8357/socket.io/?EIO=4&transport=polling&t=PpI35q7:0
[ 7958993ms] [ERROR] Failed to load resource: net::ERR_CONNECTION_REFUSED @ http://localhost:8357/socket.io/?EIO=4&transport=polling&t=PpI372I:0
[ 7963995ms] [ERROR] Failed to load resource: net::ERR_CONNECTION_REFUSED @ http://localhost:8357/socket.io/?EIO=4&transport=polling&t=PpI38GX:0
[ 7969001ms] [ERROR] Failed to load resource: net::ERR_CONNECTION_REFUSED @ http://localhost:8357/socket.io/?EIO=4&transport=polling&t=PpI39Uh:0
[ 7974003ms] [ERROR] Failed to load resource: net::ERR_CONNECTION_REFUSED @ http://localhost:8357/socket.io/?EIO=4&transport=polling&t=PpI3Aiu:0
[ 7979006ms] [ERROR] Failed to load resource: net::ERR_CONNECTION_REFUSED @ http://localhost:8357/socket.io/?EIO=4&transport=polling&t=PpI3Bx3:0
[12089636ms] [ERROR] Failed to load resource: net::ERR_CONNECTION_REFUSED @ http://localhost:8357/socket.io/?EIO=4&transport=polling&t=PpIItTC:0
[12090943ms] [ERROR] Failed to load resource: net::ERR_CONNECTION_REFUSED @ http://localhost:8357/socket.io/?EIO=4&transport=polling&t=PpIItq3:0
[12095304ms] [ERROR] Failed to load resource: net::ERR_CONNECTION_REFUSED @ http://localhost:8357/socket.io/?EIO=4&transport=polling&t=PpIIuuB:0
[12100316ms] [ERROR] Failed to load resource: net::ERR_CONNECTION_REFUSED @ http://localhost:8357/socket.io/?EIO=4&transport=polling&t=PpIIw6Q:0
[12105321ms] [ERROR] Failed to load resource: net::ERR_CONNECTION_REFUSED @ http://localhost:8357/socket.io/?EIO=4&transport=polling&t=PpIIxKj:0
[12110325ms] [ERROR] Failed to load resource: net::ERR_CONNECTION_REFUSED @ http://localhost:8357/socket.io/?EIO=4&transport=polling&t=PpIIyYv:0
[12115331ms] [ERROR] Failed to load resource: net::ERR_CONNECTION_REFUSED @ http://localhost:8357/socket.io/?EIO=4&transport=polling&t=PpIIzn7:0
[12120335ms] [ERROR] Failed to load resource: net::ERR_CONNECTION_REFUSED @ http://localhost:8357/socket.io/?EIO=4&transport=polling&t=PpII-_J:0
[12125339ms] [ERROR] Failed to load resource: net::ERR_CONNECTION_REFUSED @ http://localhost:8357/socket.io/?EIO=4&transport=polling&t=PpIJ0DV:0
[12130344ms] [ERROR] Failed to load resource: net::ERR_CONNECTION_REFUSED @ http://localhost:8357/socket.io/?EIO=4&transport=polling&t=PpIJ1Rh:0
[12135349ms] [ERROR] Failed to load resource: net::ERR_CONNECTION_REFUSED @ http://localhost:8357/socket.io/?EIO=4&transport=polling&t=PpIJ2fu:0
[12140351ms] [ERROR] Failed to load resource: net::ERR_CONNECTION_REFUSED @ http://localhost:8357/socket.io/?EIO=4&transport=polling&t=PpIJ3u4:0
[12145356ms] [ERROR] Failed to load resource: net::ERR_CONNECTION_REFUSED @ http://localhost:8357/socket.io/?EIO=4&transport=polling&t=PpIJ56G:0
[12150365ms] [ERROR] Failed to load resource: net::ERR_CONNECTION_REFUSED @ http://localhost:8357/socket.io/?EIO=4&transport=polling&t=PpIJ6KT:0
[12155367ms] [ERROR] Failed to load resource: net::ERR_CONNECTION_REFUSED @ http://localhost:8357/socket.io/?EIO=4&transport=polling&t=PpIJ7Yi:0
[12160371ms] [ERROR] Failed to load resource: net::ERR_CONNECTION_REFUSED @ http://localhost:8357/socket.io/?EIO=4&transport=polling&t=PpIJ8mu:0
[12165376ms] [ERROR] Failed to load resource: net::ERR_CONNECTION_REFUSED @ http://localhost:8357/socket.io/?EIO=4&transport=polling&t=PpIJ9_4:0
[12170380ms] [ERROR] Failed to load resource: net::ERR_CONNECTION_REFUSED @ http://localhost:8357/socket.io/?EIO=4&transport=polling&t=PpIJBDG:0
[12175383ms] [ERROR] Failed to load resource: net::ERR_CONNECTION_REFUSED @ http://localhost:8357/socket.io/?EIO=4&transport=polling&t=PpIJCRS:0
[12180388ms] [ERROR] Failed to load resource: net::ERR_CONNECTION_REFUSED @ http://localhost:8357/socket.io/?EIO=4&transport=polling&t=PpIJDfd:0
[12185392ms] [ERROR] Failed to load resource: net::ERR_CONNECTION_REFUSED @ http://localhost:8357/socket.io/?EIO=4&transport=polling&t=PpIJEtq:0
[12190399ms] [ERROR] Failed to load resource: net::ERR_CONNECTION_REFUSED @ http://localhost:8357/socket.io/?EIO=4&transport=polling&t=PpIJG61:0
[12195402ms] [ERROR] Failed to load resource: net::ERR_CONNECTION_REFUSED @ http://localhost:8357/socket.io/?EIO=4&transport=polling&t=PpIJHKE:0
[12200406ms] [ERROR] Failed to load resource: net::ERR_CONNECTION_REFUSED @ http://localhost:8357/socket.io/?EIO=4&transport=polling&t=PpIJIYQ:0
[12205409ms] [ERROR] Failed to load resource: net::ERR_CONNECTION_REFUSED @ http://localhost:8357/socket.io/?EIO=4&transport=polling&t=PpIJJmc:0
[12210414ms] [ERROR] Failed to load resource: net::ERR_CONNECTION_REFUSED @ http://localhost:8357/socket.io/?EIO=4&transport=polling&t=PpIJK-n:0
[12215418ms] [ERROR] Failed to load resource: net::ERR_CONNECTION_REFUSED @ http://localhost:8357/socket.io/?EIO=4&transport=polling&t=PpIJMC-:0
[12220422ms] [ERROR] Failed to load resource: net::ERR_CONNECTION_REFUSED @ http://localhost:8357/socket.io/?EIO=4&transport=polling&t=PpIJNRB:0
[12225427ms] [ERROR] Failed to load resource: net::ERR_CONNECTION_REFUSED @ http://localhost:8357/socket.io/?EIO=4&transport=polling&t=PpIJOfN:0
[12230434ms] [ERROR] Failed to load resource: net::ERR_CONNECTION_REFUSED @ http://localhost:8357/socket.io/?EIO=4&transport=polling&t=PpIJPta:0
[12235445ms] [ERROR] Failed to load resource: net::ERR_CONNECTION_REFUSED @ http://localhost:8357/socket.io/?EIO=4&transport=polling&t=PpIJR5s:0
[12240449ms] [ERROR] Failed to load resource: net::ERR_CONNECTION_REFUSED @ http://localhost:8357/socket.io/?EIO=4&transport=polling&t=PpIJSK5:0
[12245452ms] [ERROR] Failed to load resource: net::ERR_CONNECTION_REFUSED @ http://localhost:8357/socket.io/?EIO=4&transport=polling&t=PpIJTYH:0
[12250455ms] [ERROR] Failed to load resource: net::ERR_CONNECTION_REFUSED @ http://localhost:8357/socket.io/?EIO=4&transport=polling&t=PpIJUmS:0
[12255463ms] [ERROR] Failed to load resource: net::ERR_CONNECTION_REFUSED @ http://localhost:8357/socket.io/?EIO=4&transport=polling&t=PpIJV-e:0
[12260469ms] [ERROR] Failed to load resource: net::ERR_CONNECTION_REFUSED @ http://localhost:8357/socket.io/?EIO=4&transport=polling&t=PpIJXCu:0
[12265472ms] [ERROR] Failed to load resource: net::ERR_CONNECTION_REFUSED @ http://localhost:8357/socket.io/?EIO=4&transport=polling&t=PpIJYR5:0
[12270476ms] [ERROR] Failed to load resource: net::ERR_CONNECTION_REFUSED @ http://localhost:8357/socket.io/?EIO=4&transport=polling&t=PpIJZfH:0
[12275482ms] [ERROR] Failed to load resource: net::ERR_CONNECTION_REFUSED @ http://localhost:8357/socket.io/?EIO=4&transport=polling&t=PpIJatT:0
[12280485ms] [ERROR] Failed to load resource: net::ERR_CONNECTION_REFUSED @ http://localhost:8357/socket.io/?EIO=4&transport=polling&t=PpIJc5g:0
[12285491ms] [ERROR] Failed to load resource: net::ERR_CONNECTION_REFUSED @ http://localhost:8357/socket.io/?EIO=4&transport=polling&t=PpIJdJs:0
[12290495ms] [ERROR] Failed to load resource: net::ERR_CONNECTION_REFUSED @ http://localhost:8357/socket.io/?EIO=4&transport=polling&t=PpIJeY3:0
[12295500ms] [ERROR] Failed to load resource: net::ERR_CONNECTION_REFUSED @ http://localhost:8357/socket.io/?EIO=4&transport=polling&t=PpIJfmF:0
